// Jest Snapshot v1, https://goo.gl/fbAQLP

exports[`Leaderboard should match snapshot 1`] = `
<div
  className="container"
>
  <div
    className="leadheader"
  >
    <h2>
      Leaderboard
    </h2>
  </div>
  <div
    className="row colheader"
  >
    <div
      className="col-xs-1"
    >
      <h4>
        #
      </h4>
    </div>
    <div
      className="col-xs-5"
    >
      <h4>
        Name
      </h4>
    </div>
    <div
      className="col-xs-3 recent"
    >
      <h4>
        Answered Correctly
      </h4>
    </div>
  </div>
  <User
    answeredCorrectly={2}
    name="Kevin"
    rank={1}
  />
  <User
    answeredCorrectly={1}
    name="Matthew"
    rank={2}
  />
</div>
`;
