// Jest Snapshot v1, https://goo.gl/fbAQLP

exports[`App should match the snapshot with all data passed in 1`] = `
<div
  className="App"
>
  <Header
    activePlayer={false}
    leaderBoardScreen={[Function]}
    leaderboard={false}
    restartGame={[Function]}
  />
  <WelcomePage
    playerName=""
    setPlayer={[Function]}
    startQuiz={[Function]}
  />
</div>
`;
